// Jest Snapshot v1, https://goo.gl/fbAQLP

exports[`Default Round Button renders in dark mode 1`] = `
<View
  accessibilityState={
    {
      "busy": undefined,
      "checked": undefined,
      "disabled": undefined,
      "expanded": undefined,
      "selected": undefined,
    }
  }
  accessibilityValue={
    {
      "max": undefined,
      "min": undefined,
      "now": undefined,
      "text": undefined,
    }
  }
  accessible={true}
  collapsable={false}
  focusable={true}
  onClick={[Function]}
  onResponderGrant={[Function]}
  onResponderMove={[Function]}
  onResponderRelease={[Function]}
  onResponderTerminate={[Function]}
  onResponderTerminationRequest={[Function]}
  onStartShouldSetResponder={[Function]}
  style={
    {
      "alignItems": "center",
      "backgroundColor": "#7E7E7E",
      "borderRadius": 40,
      "flexDirection": "row",
      "height": 40,
      "justifyContent": "center",
      "opacity": 1,
      "width": 40,
    }
  }
>
  <View>
    <View />
  </View>
</View>
`;

exports[`Default Round Button renders in light mode 1`] = `
<View
  accessibilityState={
    {
      "busy": undefined,
      "checked": undefined,
      "disabled": undefined,
      "expanded": undefined,
      "selected": undefined,
    }
  }
  accessibilityValue={
    {
      "max": undefined,
      "min": undefined,
      "now": undefined,
      "text": undefined,
    }
  }
  accessible={true}
  collapsable={false}
  focusable={true}
  onClick={[Function]}
  onResponderGrant={[Function]}
  onResponderMove={[Function]}
  onResponderRelease={[Function]}
  onResponderTerminate={[Function]}
  onResponderTerminationRequest={[Function]}
  onStartShouldSetResponder={[Function]}
  style={
    {
      "alignItems": "center",
      "backgroundColor": "#7E7E7E",
      "borderRadius": 40,
      "flexDirection": "row",
      "height": 40,
      "justifyContent": "center",
      "opacity": 1,
      "width": 40,
    }
  }
>
  <View>
    <View />
  </View>
</View>
`;
